{
    "error": {
        "code": 0,
        "data": {
            "message": "Record not found.",
            "locale": "en"
        },
        "message": ""
    },
    "id": "1",
    "jsonrpc": "2.0"
}
