{
    "jsonrpc": "2.0",
    "method": "fixture@renderException",
    "id": 1
}
